?   	github.com/syrilster/go-fx-fluctuation-alert-lambda	[no test files]
=== RUN   TestHandler
=== RUN   TestHandler/success
test@gmail.com
    trigger_test.go:32: 
        	Error Trace:	trigger_test.go:32
        	Error:      	Received unexpected error:
        	            	error when getting the exchange rate
        	Test:       	TestHandler/success
--- FAIL: TestHandler (30.00s)
    --- FAIL: TestHandler/success (30.00s)
FAIL
FAIL	github.com/syrilster/go-fx-fluctuation-alert-lambda/fxTrigger	30.349s
FAIL
